<!--
/**
 * Magento
 *
 * NOTICE OF LICENSE
 *
 * This source file is subject to the Academic Free License (AFL 3.0)
 * that is bundled with this package in the file LICENSE_AFL.txt.
 * It is also available through the world-wide-web at this URL:
 * http://opensource.org/licenses/afl-3.0.php
 * If you did not receive a copy of the license and are unable to
 * obtain it through the world-wide-web, please send an email
 * to license@magentocommerce.com so we can send you a copy immediately.
 *
 * DISCLAIMER
 *
 * Do not edit or add to this file if you wish to upgrade Magento to newer
 * versions in the future. If you wish to customize Magento for your
 * needs please refer to http://www.magentocommerce.com for more information.
 *
 * @category    Magento
 * @package     Mage_Core
 * @subpackage  integration_tests
 * @copyright   Copyright (c) 2012 Magento Inc. (http://www.magentocommerce.com)
 * @license     http://opensource.org/licenses/afl-3.0.php  Academic Free License (AFL 3.0)
 */
-->
<!DOCTYPE HTML PUBLIC "-//W3C//DTD HTML 4.01 Transitional//EN"
        "http://www.w3.org/TR/html4/loose.dtd">
<html>
<head>
    <title>shown_0</title><span class="translate-inline-title" translate="[{shown:'shown_0',translated:'translated_0',original:'original_0',location:'Page title',scope:'scope_0'}]">TITLE</span>
</head>
<body>
    <div title="some_title_shown_1_in_div" translate="[{shown:'shown_1',translated:'translated_1',original:'original_1',location:'Tag attribute (ALT, TITLE, etc.)',scope:'scope_1'}]">
    some_text_<span translate="[{shown:'shown_2',translated:'translated_2',original:'original_2',location:'Text',scope:'scope_2'}]">shown_2</span>_in_div
    </div>
<script type="text/javascript" src="http://localhost/pub/js/prototype/window.js"></script>
<link rel="stylesheet" type="text/css" href="http://localhost/pub/js/prototype/windows/themes/default.css"/>
<link rel="stylesheet" type="text/css" href="http://localhost/pub/media/skin/frontend/default/default/en_US/Mage_Core/prototype/magento.css"/>

<script type="text/javascript" src="http://localhost/pub/js/mage/translate_inline.js"></script>
<link rel="stylesheet" type="text/css" href="http://localhost/pub/js/mage/translate_inline.css"/>

<div id="translate-inline-trig"><img src="http://localhost/pub/media/skin/frontend/{{design_package}}/default/default/en_US/Mage_Core/fam_book_open.png" alt="[TR]"/></div>
<script type="text/javascript">
    new TranslateInline('translate-inline-trig', 'http://localhost/index.php/core/ajax/translate/', 'frontend');
</script>
</body>
</html>
